<html>
<body>
<pre>
<h1>µVision Build Log</h1>
<h2>Tool Versions:</h2>
IDE-Version: ¦ÌVision V5.41.0.0
Copyright (C) 2024 ARM Ltd and ARM Germany GmbH. All rights reserved.
License Information: Tony Îâ, BJTU, LIC=93C6R-KE4C9-LEWHV-PGB0G-H2EWF-8YLIE
 
Tool Versions:
Toolchain:       DK-ARM Developers Kit  Version: 5.41.0.0
Toolchain Path:  D:\Keil_v5\ARM\ARM\ARMCLANG\Bin
C Compiler:      ArmClang.exe V6.22
Assembler:       Armasm.exe V6.22
Linker/Locator:  ArmLink.exe V6.22
Library Manager: ArmAr.exe V6.22
Hex Converter:   FromElf.exe V6.22
CPU DLL:         SARMCM3.DLL V5.41.0.0
Dialog DLL:      DCM.DLL V1.17.5.0
Target DLL:      STLink\ST-LINKIII-KEIL_SWO.dll V3.3.0.0
Dialog DLL:      TCM.DLL V1.56.4.0
 
<h2>Project:</h2>
E:\oscillograph\MDK-ARM\oscillograph.uvprojx
Project File Date:  02/21/2025

<h2>Output:</h2>
*** Using Compiler 'V6.22', folder: 'D:\Keil_v5\ARM\ARM\ARMCLANG\Bin'
Rebuild target 'oscillograph'
compiling tim.c...
compiling gpio.c...
../Core/Src/main.c(545): warning: passing 'char[12]' to parameter of type 'unsigned char *' converts between pointers to integer types where one is of the unique plain 'char' type and the other is not [-Wpointer-sign]
  545 |         OLED_ShowStr(20,3,"hello world",1);//<D5><E2>Ò»<B2><BF><B7>Ö´<FA><C2><EB>Ã»<D3><D0><CE><CA><CC>â£¬<C1><ED><CD>â£º<B2><BB>Òª<D4><DA>×¢<CA><CD><C0><EF><B4><F2>//
      |                           ^~~~~~~~~~~~~
../MDK-ARM\oled.h(29): note: passing argument to parameter 'ch' here
   29 | void OLED_ShowStr(unsigned char x, unsigned char y, unsigned char ch[], unsigned char TextSize);//?????
      |                                                                   ^
1 warning generated.
compiling main.c...
compiling stm32f4xx_ll_adc.c...
compiling dma.c...
assembling startup_stm32f411xe.s...
compiling i2c.c...
compiling stm32f4xx_it.c...
compiling stm32f4xx_hal_msp.c...
compiling adc.c...
compiling stm32f4xx_hal_rcc.c...
oled.c(311): warning: passing 'char[23]' to parameter of type 'unsigned char *' converts between pointers to integer types where one is of the unique plain 'char' type and the other is not [-Wpointer-sign]
  311 |                         OLED_ShowStr(0,y,"                      ",1);
      |                                          ^~~~~~~~~~~~~~~~~~~~~~~~
oled.c(94): note: passing argument to parameter 'ch' here
   94 | void OLED_ShowStr(unsigned char x, unsigned char y, unsigned char ch[], unsigned char TextSize)
      |                                                                   ^
1 warning generated.
compiling oled.c...
compiling stm32f4xx_hal_adc_ex.c...
compiling stm32f4xx_hal_adc.c...
compiling stm32f4xx_hal_rcc_ex.c...
compiling stm32f4xx_hal_flash.c...
compiling stm32f4xx_hal_flash_ramfunc.c...
compiling stm32f4xx_hal_gpio.c...
compiling stm32f4xx_hal_flash_ex.c...
compiling stm32f4xx_hal_pwr_ex.c...
compiling stm32f4xx_hal_dma.c...
compiling stm32f4xx_hal_pwr.c...
compiling stm32f4xx_hal_dma_ex.c...
compiling stm32f4xx_hal_exti.c...
compiling stm32f4xx_hal.c...
compiling stm32f4xx_hal_cortex.c...
compiling stm32f4xx_hal_i2c_ex.c...
compiling system_stm32f4xx.c...
compiling stm32f4xx_hal_tim_ex.c...
compiling stm32f4xx_hal_i2c.c...
compiling stm32f4xx_hal_tim.c...
linking...
Program Size: Code=27704 RO-data=2876 RW-data=24 ZI-data=3464  
FromELF: creating hex file...
"oscillograph\oscillograph.axf" - 0 Error(s), 2 Warning(s).

<h2>Software Packages used:</h2>

Package Vendor: ARM
                https://www.keil.com/pack/ARM.CMSIS.6.1.0.pack
                ARM::CMSIS@6.1.0
                CMSIS (Common Microcontroller Software Interface Standard)
   * Component: CORE Version: 6.1.0

Package Vendor: Keil
                https://www.keil.com/pack/Keil.STM32F4xx_DFP.2.17.1.pack
                Keil::STM32F4xx_DFP@2.17.1
                STMicroelectronics STM32F4 Series Device Support, Drivers and Examples

<h2>Collection of Component include folders:</h2>
  ./RTE/_oscillograph
  D:/Keil_v5/ARM/packs/ARM/CMSIS/6.1.0/CMSIS/Core/Include
  D:/Keil_v5/ARM/packs/Keil/STM32F4xx_DFP/2.17.1/Drivers/CMSIS/Device/ST/STM32F4xx/Include

<h2>Collection of Component Files used:</h2>

   * Component: ARM::CMSIS:CORE@6.1.0
      Include file:  CMSIS/Core/Include/tz_context.h
Build Time Elapsed:  00:00:03
</pre>
</body>
</html>
