<html>
<body>
<pre>
<h1>µVision Build Log</h1>
<h2>Tool Versions:</h2>
IDE-Version: ¦ÌVision V5.41.0.0
Copyright (C) 2024 ARM Ltd and ARM Germany GmbH. All rights reserved.
License Information: Tony Îâ, BJTU, LIC=93C6R-KE4C9-LEWHV-PGB0G-H2EWF-8YLIE
 
Tool Versions:
Toolchain:       DK-ARM Developers Kit  Version: 5.41.0.0
Toolchain Path:  D:\Keil_v5\ARM\ARM\ARMCLANG\Bin
C Compiler:      ArmClang.exe V6.22
Assembler:       Armasm.exe V6.22
Linker/Locator:  ArmLink.exe V6.22
Library Manager: ArmAr.exe V6.22
Hex Converter:   FromElf.exe V6.22
CPU DLL:         SARMCM3.DLL V5.41.0.0
Dialog DLL:      DCM.DLL V1.17.5.0
Target DLL:      STLink\ST-LINKIII-KEIL_SWO.dll V3.3.0.0
Dialog DLL:      TCM.DLL V1.56.4.0
 
<h2>Project:</h2>
E:\oscillograph\MDK-ARM\oscillograph.uvprojx
Project File Date:  01/28/2025

<h2>Output:</h2>
*** Using Compiler 'V6.22', folder: 'D:\Keil_v5\ARM\ARM\ARMCLANG\Bin'
Rebuild target 'oscillograph'
compiling oled.c...
compiling stm32f4xx_hal_msp.c...
compiling stm32_u8g2.c...
compiling stm32f4xx_ll_adc.c...
../Core/Src/main.c(31): warning: In file included from...
../MDK-ARM\oled.h(6): warning: 'u8' macro redefined [-Wmacro-redefined]
    6 |  #define u8 uint8_t
      |          ^
../MDK-ARM\stm32_u8g2.h(16): note: previous definition is here
   16 | #define u8         unsigned char  // ?unsigned char ????
      |         ^
../Core/Src/main.c(106): warning: passing 'char[12]' to parameter of type 'unsigned char *' converts between pointers to integer types where one is of the unique plain 'char' type and the other is not [-Wpointer-sign]
  106 |         OLED_ShowStr(20,3,"hello world",1);//<D5><E2>Ò»<B2><BF><B7>Ö´<FA><C2><EB>Ã»<D3><D0><CE><CA><CC>â£¬<C1><ED><CD>â£º<B2><BB>Òª<D4><DA>×¢<CA><CD><C0><EF><B4><F2>//
      |                           ^~~~~~~~~~~~~
../MDK-ARM\oled.h(29): note: passing argument to parameter 'ch' here
   29 | void OLED_ShowStr(unsigned char x, unsigned char y, unsigned char ch[], unsigned char TextSize);//?????
      |                                                                   ^
2 warnings generated.
compiling main.c...
compiling gpio.c...
compiling i2c.c...
compiling stm32f4xx_it.c...
compiling dma.c...
compiling adc.c...
compiling stm32f4xx_hal_adc_ex.c...
compiling tim.c...
assembling startup_stm32f411xe.s...
compiling stm32f4xx_hal_adc.c...
compiling stm32f4xx_hal_rcc.c...
compiling stm32f4xx_hal_rcc_ex.c...
compiling stm32f4xx_hal_flash.c...
compiling stm32f4xx_hal_flash_ex.c...
compiling stm32f4xx_hal_flash_ramfunc.c...
compiling stm32f4xx_hal_gpio.c...
compiling stm32f4xx_hal_pwr_ex.c...
compiling stm32f4xx_hal_dma_ex.c...
compiling stm32f4xx_hal_pwr.c...
compiling stm32f4xx_hal_dma.c...
compiling stm32f4xx_hal_exti.c...
compiling u8g2_d_memory.c...
compiling stm32f4xx_hal_i2c_ex.c...
compiling stm32f4xx_hal.c...
compiling system_stm32f4xx.c...
compiling u8g2_d_setup.c...
compiling stm32f4xx_hal_cortex.c...
compiling stm32f4xx_hal_tim_ex.c...
compiling u8x8_d_ssd1306_128x64_noname.c...
compiling u8g2_arc.c...
compiling u8g2_bitmap.c...
compiling u8g2_buffer.c...
compiling mui.c...
compiling u8g2_box.c...
compiling stm32f4xx_hal_tim.c...
compiling u8g2_button.c...
compiling u8g2_cleardisplay.c...
compiling stm32f4xx_hal_i2c.c...
compiling u8g2_circle.c...
compiling mui_u8g2.c...
compiling u8g2_font.c...
compiling u8g2_hvline.c...
compiling u8g2_intersection.c...
compiling u8g2_input_value.c...
compiling u8g2_kerning.c...
compiling u8g2_line.c...
compiling u8g2_ll_hvline.c...
compiling u8g2_message.c...
compiling u8g2_polygon.c...
compiling u8g2_selection_list.c...
compiling u8x8_byte.c...
compiling u8x8_capture.c...
compiling u8x8_8x8.c...
compiling u8x8_display.c...
compiling u8x8_gpio.c...
compiling u8x8_debounce.c...
compiling u8g2_setup.c...
compiling u8x8_message.c...
compiling u8x8_input_value.c...
compiling u8x8_fonts.c...
compiling u8x8_cad.c...
compiling u8x8_setup.c...
compiling u8x8_selection_list.c...
compiling u8x8_u16toa.c...
compiling u8x8_u8toa.c...
compiling u8x8_string.c...
compiling u8g2_fonts.c...
linking...
Program Size: Code=8238 RO-data=2538 RW-data=12 ZI-data=2452  
FromELF: creating hex file...
"oscillograph\oscillograph.axf" - 0 Error(s), 2 Warning(s).

<h2>Software Packages used:</h2>

Package Vendor: ARM
                https://www.keil.com/pack/ARM.CMSIS.6.1.0.pack
                ARM::CMSIS@6.1.0
                CMSIS (Common Microcontroller Software Interface Standard)
   * Component: CORE Version: 6.1.0

Package Vendor: Keil
                https://www.keil.com/pack/Keil.STM32F4xx_DFP.2.17.1.pack
                Keil::STM32F4xx_DFP@2.17.1
                STMicroelectronics STM32F4 Series Device Support, Drivers and Examples

<h2>Collection of Component include folders:</h2>
  ./RTE/_oscillograph
  D:/Keil_v5/ARM/packs/ARM/CMSIS/6.1.0/CMSIS/Core/Include
  D:/Keil_v5/ARM/packs/Keil/STM32F4xx_DFP/2.17.1/Drivers/CMSIS/Device/ST/STM32F4xx/Include

<h2>Collection of Component Files used:</h2>

   * Component: ARM::CMSIS:CORE@6.1.0
      Include file:  CMSIS/Core/Include/tz_context.h
Build Time Elapsed:  00:00:13
</pre>
</body>
</html>
